apple/apple_3/
ball/ball_6/
banana/banana_3/
bell_pepper/bell_pepper_2/
binder/binder_3/
bowl/bowl_1/
calculator/calculator_2/
camera/camera_2/
cap/cap_4/
cell_phone/cell_phone_5/
cereal_box/cereal_box_2/
coffee_mug/coffee_mug_1/
comb/comb_3/
dry_battery/dry_battery_4/
flashlight/flashlight_2/
food_bag/food_bag_2/
food_box/food_box_2/
food_can/food_can_9/
food_cup/food_cup_2/
food_jar/food_jar_4/
garlic/garlic_6/
glue_stick/glue_stick_5/
greens/greens_4/
hand_towel/hand_towel_2/
instant_noodles/instant_noodles_7/
keyboard/keyboard_2/
kleenex/kleenex_1/
lemon/lemon_5/
lightbulb/lightbulb_4/
lime/lime_3/
marker/marker_7/
mushroom/mushroom_2/
notebook/notebook_2/
onion/onion_3/
orange/orange_2/
peach/peach_1/
pear/pear_2/
pitcher/pitcher_2/
plate/plate_3/
pliers/pliers_5/
potato/potato_5/
rubber_eraser/rubber_eraser_3/
scissors/scissors_3/
shampoo/shampoo_1/
soda_can/soda_can_4/
sponge/sponge_2/
stapler/stapler_2/
tomato/tomato_4/
toothbrush/toothbrush_3/
toothpaste/toothpaste_1/
water_bottle/water_bottle_1/
