apple/apple_1/
apple/apple_5/
apple/apple_2/
ball/ball_2/
ball/ball_3/
ball/ball_7/
ball/ball_4/
ball/ball_5/
banana/banana_4/
banana/banana_2/
bell_pepper/bell_pepper_5/
bell_pepper/bell_pepper_4/
bell_pepper/bell_pepper_6/
bell_pepper/bell_pepper_1/
binder/binder_1/
bowl/bowl_2/
bowl/bowl_3/
bowl/bowl_4/
bowl/bowl_6/
calculator/calculator_1/
calculator/calculator_3/
calculator/calculator_5/
camera/camera_1/
cap/cap_2/
cap/cap_1/
cell_phone/cell_phone_3/
cell_phone/cell_phone_1/
cell_phone/cell_phone_4/
cereal_box/cereal_box_4/
cereal_box/cereal_box_1/
cereal_box/cereal_box_5/
coffee_mug/coffee_mug_7/
coffee_mug/coffee_mug_4/
coffee_mug/coffee_mug_2/
coffee_mug/coffee_mug_5/
coffee_mug/coffee_mug_3/
coffee_mug/coffee_mug_8/
comb/comb_1/
comb/comb_2/
dry_battery/dry_battery_2/
dry_battery/dry_battery_6/
dry_battery/dry_battery_3/
dry_battery/dry_battery_5/
flashlight/flashlight_3/
flashlight/flashlight_1/
flashlight/flashlight_5/
food_bag/food_bag_7/
food_bag/food_bag_5/
food_bag/food_bag_1/
food_bag/food_bag_8/
food_bag/food_bag_3/
food_bag/food_bag_6/
food_box/food_box_1/
food_box/food_box_6/
food_box/food_box_4/
food_box/food_box_11/
food_box/food_box_5/
food_box/food_box_9/
food_box/food_box_12/
food_box/food_box_3/
food_box/food_box_7/
food_box/food_box_10/
food_can/food_can_12/
food_can/food_can_2/
food_can/food_can_5/
food_can/food_can_1/
food_can/food_can_4/
food_can/food_can_6/
food_can/food_can_3/
food_can/food_can_8/
food_can/food_can_14/
food_can/food_can_11/
food_can/food_can_13/
food_can/food_can_7/
food_cup/food_cup_5/
food_cup/food_cup_1/
food_cup/food_cup_3/
food_jar/food_jar_1/
food_jar/food_jar_6/
food_jar/food_jar_2/
food_jar/food_jar_3/
garlic/garlic_7/
garlic/garlic_2/
garlic/garlic_5/
garlic/garlic_1/
garlic/garlic_3/
glue_stick/glue_stick_1/
glue_stick/glue_stick_3/
glue_stick/glue_stick_4/
glue_stick/glue_stick_2/
greens/greens_1/
greens/greens_3/
hand_towel/hand_towel_3/
hand_towel/hand_towel_4/
hand_towel/hand_towel_1/
instant_noodles/instant_noodles_5/
instant_noodles/instant_noodles_1/
instant_noodles/instant_noodles_2/
instant_noodles/instant_noodles_6/
instant_noodles/instant_noodles_3/
instant_noodles/instant_noodles_4/
keyboard/keyboard_1/
keyboard/keyboard_5/
keyboard/keyboard_3/
kleenex/kleenex_3/
kleenex/kleenex_4/
kleenex/kleenex_2/
lemon/lemon_2/
lemon/lemon_3/
lemon/lemon_6/
lemon/lemon_1/
lightbulb/lightbulb_1/
lightbulb/lightbulb_3/
lime/lime_1/
lime/lime_4/
marker/marker_3/
marker/marker_5/
marker/marker_4/
marker/marker_9/
marker/marker_1/
marker/marker_8/
marker/marker_6/
mushroom/mushroom_3/
notebook/notebook_3/
notebook/notebook_1/
notebook/notebook_4/
onion/onion_4/
onion/onion_2/
onion/onion_5/
onion/onion_1/
orange/orange_1/
orange/orange_3/
peach/peach_3/
pear/pear_8/
pear/pear_1/
pear/pear_7/
pear/pear_3/
pitcher/pitcher_1/
plate/plate_2/
plate/plate_4/
plate/plate_5/
plate/plate_1/
plate/plate_7/
pliers/pliers_1/
pliers/pliers_2/
pliers/pliers_4/
pliers/pliers_3/
potato/potato_6/
potato/potato_1/
potato/potato_2/
potato/potato_4/
rubber_eraser/rubber_eraser_1/
rubber_eraser/rubber_eraser_4/
scissors/scissors_2/
scissors/scissors_4/
shampoo/shampoo_2/
shampoo/shampoo_6/
shampoo/shampoo_5/
shampoo/shampoo_4/
soda_can/soda_can_6/
soda_can/soda_can_5/
soda_can/soda_can_3/
soda_can/soda_can_2/
sponge/sponge_9/
sponge/sponge_1/
sponge/sponge_5/
sponge/sponge_6/
sponge/sponge_11/
sponge/sponge_8/
sponge/sponge_4/
sponge/sponge_7/
sponge/sponge_10/
sponge/sponge_3/
stapler/stapler_6/
stapler/stapler_1/
stapler/stapler_7/
stapler/stapler_3/
stapler/stapler_4/
stapler/stapler_8/
tomato/tomato_3/
tomato/tomato_5/
tomato/tomato_6/
tomato/tomato_8/
tomato/tomato_2/
tomato/tomato_1/
toothbrush/toothbrush_2/
toothbrush/toothbrush_5/
toothbrush/toothbrush_1/
toothpaste/toothpaste_2/
toothpaste/toothpaste_4/
toothpaste/toothpaste_3/
water_bottle/water_bottle_10/
water_bottle/water_bottle_3/
water_bottle/water_bottle_6/
water_bottle/water_bottle_2/
water_bottle/water_bottle_7/
water_bottle/water_bottle_4/
water_bottle/water_bottle_9/
